---
source: src/app.rs
expression: terminal.backend()
---
"                                                                                                                        "
"                                                                                                                        "
"                                                                                                                        "
"                                                                                                                        "
"                                                                                                                        "
"                                                       @@                                                               "
"                                @@@        @@@@@@   @@@@@                                                               "
"                               @@@@@@@@@@@@@@@@@@@@@@@@@@                                                               "
"                            @@@@@@@@@@@@  @@@@@@@@@@ @@                                                                 "
"                         @@@@@@@@@@@  @     @@@@@@@@@                                                                   "
"               @@@@@@@@@@ @@ @@ @@   @    @@@@@@@@@@@@@@@@@@                                                            "
"            @@@   @@@@     @@@  @@@@@@@@  @@@@@     @@@@@@@@                                                            "
"            @   @@@  @  @@@@    @@@    @@@@@@@@@@@@@@@@@@@                                                              "
"            @@@@@ @ @@ @     @@@@@ @@@@   @@@@@@@@@@@@@                                                                 "
"            @@@ @@   @     @@@   @@@@@@@@@@@@@                                                                          "
"            @@  @         @@    @@@@@ @@            %%%%%%%%%%   %%%   %%%    %%%%  %%%%%%%%%%%                         "
"            @ @@      @  @@@@@@@@@ @   @            %%     %%%%  %%%   %%   %%%%    %%%                                 "
"           @@@@       @@@@@@@@     @@@ @           %%%      %%%  %%   %%% %%%%     %%%                                  "
"           @@ @     @@@@@            @@@           %%%     %%%  %%%   %%%%%%       %%%                                  "
"           @@     @@@@@@@@                         %%%%%%%%%%   %%%   %%%%%%%      %%%%%%%%%%%                          "
"            @   @@@@@@@@@@@                       %%%           %%   %%%  %%%%    %%%                                   "
"            @@ @@@    @@@@@@      @@@             %%%          %%%   %%%    %%%   %%%                                   "
"             @@@@    @@ @@@@@@@@@@@@@             %%           %%%   %%      %%%  %%%%%%%%%%%                           "
"              @@@@@    @@   @@@@@@@@                                                                                    "
"              @@  @@@@@@     @@@@@@                                                                                     "
"                        @@@@@@@@@@@                     Welcome to Pike!                                                "
"                             @@@@@@                                                                                     "
"                               @@@@           Press Ctrl + O to open a new file.                                        "
"                                              Press Ctrl + N to open a new buffer.                                      "
"                                                                                                                        "
"                                                                                                                        "
"                                                                                                                        "
"                                                                                                                        "
"                                                                                                                        "
"                                                                                                                        "
"                                                                                                                        "
"                                                                                                                        "
"┌Enter relative file path──────────────────────────────────────────────────────────────────────────────────────────────┐"
"│                                                                                                                      │"
"└──────────────────────────────────────────────────────────────────────────────────────────────────────────────────────┘"
